../hal_stm_lvgl/stm32f429i_discovery.c:620:13:SPIx_Init.part.0	48	static
../hal_stm_lvgl/stm32f429i_discovery.c:408:13:I2Cx_Init.part.0	56	static
../hal_stm_lvgl/stm32f429i_discovery.c:166:10:BSP_GetVersion	0	static
../hal_stm_lvgl/stm32f429i_discovery.c:178:6:BSP_LED_Init	48	static
../hal_stm_lvgl/stm32f429i_discovery.c:203:6:BSP_LED_On	0	static
../hal_stm_lvgl/stm32f429i_discovery.c:215:6:BSP_LED_Off	0	static
../hal_stm_lvgl/stm32f429i_discovery.c:227:6:BSP_LED_Toggle	0	static
../hal_stm_lvgl/stm32f429i_discovery.c:242:6:BSP_PB_Init	48	static
../hal_stm_lvgl/stm32f429i_discovery.c:279:10:BSP_PB_GetState	8	static
../hal_stm_lvgl/stm32f429i_discovery.c:733:6:LCD_IO_Init	72	static
../hal_stm_lvgl/stm32f429i_discovery.c:777:6:LCD_IO_WriteData	16	static
../hal_stm_lvgl/stm32f429i_discovery.c:793:6:LCD_IO_WriteReg	16	static
../hal_stm_lvgl/stm32f429i_discovery.c:812:10:LCD_IO_ReadData	24	static
../hal_stm_lvgl/stm32f429i_discovery.c:839:6:LCD_Delay	0	static
../hal_stm_lvgl/stm32f429i_discovery.c:853:6:IOE_Init	8	static
../hal_stm_lvgl/stm32f429i_discovery.c:861:6:IOE_ITConfig	40	static
../hal_stm_lvgl/stm32f429i_discovery.c:872:6:IOE_Write	32	static
../hal_stm_lvgl/stm32f429i_discovery.c:883:9:IOE_Read	32	static
../hal_stm_lvgl/stm32f429i_discovery.c:895:6:IOE_WriteMultiple	24	static
../hal_stm_lvgl/stm32f429i_discovery.c:908:10:IOE_ReadMultiple	24	static
../hal_stm_lvgl/stm32f429i_discovery.c:917:6:IOE_Delay	0	static
