../HAL_Driver/Src/stm32f4xx_hal_can.c:358:19:HAL_CAN_ConfigFilter	4	static
../HAL_Driver/Src/stm32f4xx_hal_can.c:512:13:HAL_CAN_MspInit	0	static
../HAL_Driver/Src/stm32f4xx_hal_can.c:175:19:HAL_CAN_Init	16	static
../HAL_Driver/Src/stm32f4xx_hal_can.c:527:13:HAL_CAN_MspDeInit	0	static
../HAL_Driver/Src/stm32f4xx_hal_can.c:479:19:HAL_CAN_DeInit	8	static
../HAL_Driver/Src/stm32f4xx_hal_can.c:564:19:HAL_CAN_Transmit	32	static
../HAL_Driver/Src/stm32f4xx_hal_can.c:691:19:HAL_CAN_Transmit_IT	8	static
../HAL_Driver/Src/stm32f4xx_hal_can.c:795:19:HAL_CAN_Receive	24	static
../HAL_Driver/Src/stm32f4xx_hal_can.c:900:19:HAL_CAN_Receive_IT	0	static
../HAL_Driver/Src/stm32f4xx_hal_can.c:959:19:HAL_CAN_Sleep	16	static
../HAL_Driver/Src/stm32f4xx_hal_can.c:1014:19:HAL_CAN_WakeUp	16	static
../HAL_Driver/Src/stm32f4xx_hal_can.c:1190:13:HAL_CAN_TxCpltCallback	0	static
../HAL_Driver/Src/stm32f4xx_hal_can.c:1205:13:HAL_CAN_RxCpltCallback	0	static
../HAL_Driver/Src/stm32f4xx_hal_can.c:1322:26:CAN_Receive_IT.isra	24	static
../HAL_Driver/Src/stm32f4xx_hal_can.c:1220:13:HAL_CAN_ErrorCallback	0	static
../HAL_Driver/Src/stm32f4xx_hal_can.c:1066:6:HAL_CAN_IRQHandler	16	static
../HAL_Driver/Src/stm32f4xx_hal_can.c:1255:22:HAL_CAN_GetState	0	static
../HAL_Driver/Src/stm32f4xx_hal_can.c:1267:10:HAL_CAN_GetError	0	static
