../HAL_Driver/Src/stm32f4xx_hal_irda.c:317:13:HAL_IRDA_MspInit	0	static
../HAL_Driver/Src/stm32f4xx_hal_irda.c:220:19:HAL_IRDA_Init	32	static
../HAL_Driver/Src/stm32f4xx_hal_irda.c:332:13:HAL_IRDA_MspDeInit	0	static
../HAL_Driver/Src/stm32f4xx_hal_irda.c:281:19:HAL_IRDA_DeInit	8	static
../HAL_Driver/Src/stm32f4xx_hal_irda.c:404:19:HAL_IRDA_Transmit	24	static
../HAL_Driver/Src/stm32f4xx_hal_irda.c:486:19:HAL_IRDA_Receive	24	static
../HAL_Driver/Src/stm32f4xx_hal_irda.c:571:19:HAL_IRDA_Transmit_IT	4	static
../HAL_Driver/Src/stm32f4xx_hal_irda.c:611:19:HAL_IRDA_Receive_IT	4	static
../HAL_Driver/Src/stm32f4xx_hal_irda.c:655:19:HAL_IRDA_Transmit_DMA	24	static
../HAL_Driver/Src/stm32f4xx_hal_irda.c:719:19:HAL_IRDA_Receive_DMA	24	static
../HAL_Driver/Src/stm32f4xx_hal_irda.c:785:19:HAL_IRDA_DMAPause	0	static
../HAL_Driver/Src/stm32f4xx_hal_irda.c:822:19:HAL_IRDA_DMAResume	8	static
../HAL_Driver/Src/stm32f4xx_hal_irda.c:857:19:HAL_IRDA_DMAStop	8	static
../HAL_Driver/Src/stm32f4xx_hal_irda.c:908:19:HAL_IRDA_Abort	8	static
../HAL_Driver/Src/stm32f4xx_hal_irda.c:972:19:HAL_IRDA_AbortTransmit	8	static
../HAL_Driver/Src/stm32f4xx_hal_irda.c:1014:19:HAL_IRDA_AbortReceive	8	static
../HAL_Driver/Src/stm32f4xx_hal_irda.c:1593:13:HAL_IRDA_TxCpltCallback	0	static
../HAL_Driver/Src/stm32f4xx_hal_irda.c:1763:13:IRDA_DMATransmitCplt	8	static
../HAL_Driver/Src/stm32f4xx_hal_irda.c:1608:13:HAL_IRDA_TxHalfCpltCallback	0	static
../HAL_Driver/Src/stm32f4xx_hal_irda.c:1791:13:IRDA_DMATransmitHalfCplt	8	static
../HAL_Driver/Src/stm32f4xx_hal_irda.c:1623:13:HAL_IRDA_RxCpltCallback	0	static
../HAL_Driver/Src/stm32f4xx_hal_irda.c:1803:13:IRDA_DMAReceiveCplt	8	static
../HAL_Driver/Src/stm32f4xx_hal_irda.c:1982:26:IRDA_Receive_IT.isra	8	static
../HAL_Driver/Src/stm32f4xx_hal_irda.c:1638:13:HAL_IRDA_RxHalfCpltCallback	0	static
../HAL_Driver/Src/stm32f4xx_hal_irda.c:1832:13:IRDA_DMAReceiveHalfCplt	8	static
../HAL_Driver/Src/stm32f4xx_hal_irda.c:1653:13:HAL_IRDA_ErrorCallback	0	static
../HAL_Driver/Src/stm32f4xx_hal_irda.c:1843:13:IRDA_DMAError	8	static
../HAL_Driver/Src/stm32f4xx_hal_irda.c:1304:6:HAL_IRDA_IRQHandler	16	static
../HAL_Driver/Src/stm32f4xx_hal_irda.c:1460:13:IRDA_DMAAbortOnError	8	static
../HAL_Driver/Src/stm32f4xx_hal_irda.c:1667:13:HAL_IRDA_AbortCpltCallback	0	static
../HAL_Driver/Src/stm32f4xx_hal_irda.c:1059:19:HAL_IRDA_Abort_IT	8	static
../HAL_Driver/Src/stm32f4xx_hal_irda.c:1515:13:IRDA_DMARxAbortCallback	8	static
../HAL_Driver/Src/stm32f4xx_hal_irda.c:1477:13:IRDA_DMATxAbortCallback	8	static
../HAL_Driver/Src/stm32f4xx_hal_irda.c:1682:13:HAL_IRDA_AbortTransmitCpltCallback	0	static
../HAL_Driver/Src/stm32f4xx_hal_irda.c:1181:19:HAL_IRDA_AbortTransmit_IT	8	static
../HAL_Driver/Src/stm32f4xx_hal_irda.c:1553:13:IRDA_DMATxOnlyAbortCallback	8	static
../HAL_Driver/Src/stm32f4xx_hal_irda.c:1697:13:HAL_IRDA_AbortReceiveCpltCallback	0	static
../HAL_Driver/Src/stm32f4xx_hal_irda.c:1246:19:HAL_IRDA_AbortReceive_IT	8	static
../HAL_Driver/Src/stm32f4xx_hal_irda.c:1574:13:IRDA_DMARxOnlyAbortCallback	8	static
../HAL_Driver/Src/stm32f4xx_hal_irda.c:1734:23:HAL_IRDA_GetState	0	static
../HAL_Driver/Src/stm32f4xx_hal_irda.c:1749:10:HAL_IRDA_GetError	0	static
