../HAL_Driver/Src/stm32f4xx_hal_nand.c:218:13:HAL_NAND_MspInit	0	static
../HAL_Driver/Src/stm32f4xx_hal_nand.c:155:20:HAL_NAND_Init	16	static
../HAL_Driver/Src/stm32f4xx_hal_nand.c:233:13:HAL_NAND_MspDeInit	0	static
../HAL_Driver/Src/stm32f4xx_hal_nand.c:195:19:HAL_NAND_DeInit	8	static
../HAL_Driver/Src/stm32f4xx_hal_nand.c:298:13:HAL_NAND_ITCallback	0	static
../HAL_Driver/Src/stm32f4xx_hal_nand.c:249:6:HAL_NAND_IRQHandler	8	static
../HAL_Driver/Src/stm32f4xx_hal_nand.c:333:19:HAL_NAND_Read_ID	24	static
../HAL_Driver/Src/stm32f4xx_hal_nand.c:407:19:HAL_NAND_Reset	4	static
../HAL_Driver/Src/stm32f4xx_hal_nand.c:454:20:HAL_NAND_ConfigDevice	16	static
../HAL_Driver/Src/stm32f4xx_hal_nand.c:476:19:HAL_NAND_Read_Page_8b	56	static,ignoring_inline_asm
../HAL_Driver/Src/stm32f4xx_hal_nand.c:608:19:HAL_NAND_Read_Page_16b	56	static,ignoring_inline_asm
../HAL_Driver/Src/stm32f4xx_hal_nand.c:739:19:HAL_NAND_Write_Page_8b	64	static,ignoring_inline_asm
../HAL_Driver/Src/stm32f4xx_hal_nand.c:867:19:HAL_NAND_Write_Page_16b	64	static,ignoring_inline_asm
../HAL_Driver/Src/stm32f4xx_hal_nand.c:994:19:HAL_NAND_Read_SpareArea_8b	64	static
../HAL_Driver/Src/stm32f4xx_hal_nand.c:1130:19:HAL_NAND_Read_SpareArea_16b	64	static
../HAL_Driver/Src/stm32f4xx_hal_nand.c:1266:19:HAL_NAND_Write_SpareArea_8b	72	static
../HAL_Driver/Src/stm32f4xx_hal_nand.c:1398:19:HAL_NAND_Write_SpareArea_16b	72	static
../HAL_Driver/Src/stm32f4xx_hal_nand.c:1528:19:HAL_NAND_Erase_Block	24	static
../HAL_Driver/Src/stm32f4xx_hal_nand.c:1594:10:HAL_NAND_Read_Status	0	static
../HAL_Driver/Src/stm32f4xx_hal_nand.c:1637:10:HAL_NAND_Address_Inc	4	static
../HAL_Driver/Src/stm32f4xx_hal_nand.c:1690:20:HAL_NAND_ECC_Enable	8	static
../HAL_Driver/Src/stm32f4xx_hal_nand.c:1716:20:HAL_NAND_ECC_Disable	8	static
../HAL_Driver/Src/stm32f4xx_hal_nand.c:1744:20:HAL_NAND_GetECC	8	static
../HAL_Driver/Src/stm32f4xx_hal_nand.c:1792:23:HAL_NAND_GetState	0	static
