../HAL_Driver/Src/stm32f4xx_hal_sai.c:546:13:HAL_SAI_MspInit	0	static
../HAL_Driver/Src/stm32f4xx_hal_sai.c:334:19:HAL_SAI_Init	24	static
../HAL_Driver/Src/stm32f4xx_hal_sai.c:295:19:HAL_SAI_InitProtocol	4	static
../HAL_Driver/Src/stm32f4xx_hal_sai.c:562:13:HAL_SAI_MspDeInit	0	static
../HAL_Driver/Src/stm32f4xx_hal_sai.c:505:19:HAL_SAI_DeInit	8	static
../HAL_Driver/Src/stm32f4xx_hal_sai.c:630:19:HAL_SAI_Transmit	32	static
../HAL_Driver/Src/stm32f4xx_hal_sai.c:730:19:HAL_SAI_Receive	32	static
../HAL_Driver/Src/stm32f4xx_hal_sai.c:827:19:HAL_SAI_Transmit_IT	12	static
../HAL_Driver/Src/stm32f4xx_hal_sai.c:889:19:HAL_SAI_Receive_IT	4	static
../HAL_Driver/Src/stm32f4xx_hal_sai.c:947:19:HAL_SAI_DMAPause	4	static
../HAL_Driver/Src/stm32f4xx_hal_sai.c:967:19:HAL_SAI_DMAResume	0	static
../HAL_Driver/Src/stm32f4xx_hal_sai.c:994:19:HAL_SAI_DMAStop	8	static
../HAL_Driver/Src/stm32f4xx_hal_sai.c:1036:19:HAL_SAI_Abort	8	static
../HAL_Driver/Src/stm32f4xx_hal_sai.c:1091:19:HAL_SAI_Transmit_DMA	24	static
../HAL_Driver/Src/stm32f4xx_hal_sai.c:1160:19:HAL_SAI_Receive_DMA	24	static
../HAL_Driver/Src/stm32f4xx_hal_sai.c:1228:19:HAL_SAI_EnableTxMuteMode	0	static
../HAL_Driver/Src/stm32f4xx_hal_sai.c:1247:19:HAL_SAI_DisableTxMuteMode	0	static
../HAL_Driver/Src/stm32f4xx_hal_sai.c:1265:19:HAL_SAI_EnableRxMuteMode	8	static,ignoring_inline_asm
../HAL_Driver/Src/stm32f4xx_hal_sai.c:1288:19:HAL_SAI_DisableRxMuteMode	0	static
../HAL_Driver/Src/stm32f4xx_hal_sai.c:1490:13:HAL_SAI_TxCpltCallback	0	static
../HAL_Driver/Src/stm32f4xx_hal_sai.c:1931:13:SAI_Transmit_IT32Bit	8	static
../HAL_Driver/Src/stm32f4xx_hal_sai.c:2036:13:SAI_DMATxCplt	8	static
../HAL_Driver/Src/stm32f4xx_hal_sai.c:1882:13:SAI_Transmit_IT8Bit	8	static
../HAL_Driver/Src/stm32f4xx_hal_sai.c:1906:13:SAI_Transmit_IT16Bit	8	static
../HAL_Driver/Src/stm32f4xx_hal_sai.c:1506:14:HAL_SAI_TxHalfCpltCallback	0	static
../HAL_Driver/Src/stm32f4xx_hal_sai.c:2061:13:SAI_DMATxHalfCplt	8	static
../HAL_Driver/Src/stm32f4xx_hal_sai.c:1522:13:HAL_SAI_RxCpltCallback	0	static
../HAL_Driver/Src/stm32f4xx_hal_sai.c:2009:13:SAI_Receive_IT32Bit	8	static
../HAL_Driver/Src/stm32f4xx_hal_sai.c:1982:13:SAI_Receive_IT16Bit	8	static
../HAL_Driver/Src/stm32f4xx_hal_sai.c:1956:13:SAI_Receive_IT8Bit	8	static
../HAL_Driver/Src/stm32f4xx_hal_sai.c:2074:13:SAI_DMARxCplt	8	static
../HAL_Driver/Src/stm32f4xx_hal_sai.c:1538:13:HAL_SAI_RxHalfCpltCallback	0	static
../HAL_Driver/Src/stm32f4xx_hal_sai.c:2097:13:SAI_DMARxHalfCplt	8	static
../HAL_Driver/Src/stm32f4xx_hal_sai.c:1554:13:HAL_SAI_ErrorCallback	0	static
../HAL_Driver/Src/stm32f4xx_hal_sai.c:2110:13:SAI_DMAError	8	static
../HAL_Driver/Src/stm32f4xx_hal_sai.c:1307:6:HAL_SAI_IRQHandler	16	static
../HAL_Driver/Src/stm32f4xx_hal_sai.c:2141:13:SAI_DMAAbort	8	static
../HAL_Driver/Src/stm32f4xx_hal_sai.c:1590:22:HAL_SAI_GetState	0	static
../HAL_Driver/Src/stm32f4xx_hal_sai.c:1601:10:HAL_SAI_GetError	0	static
