../HAL_Driver/Src/stm32f4xx_hal_dcmi.c:797:13:DCMI_DMAXferCplt	8	static
../HAL_Driver/Src/stm32f4xx_hal_dcmi.c:236:13:HAL_DCMI_MspInit	0	static
../HAL_Driver/Src/stm32f4xx_hal_dcmi.c:146:26:HAL_DCMI_Init	16	static,ignoring_inline_asm
../HAL_Driver/Src/stm32f4xx_hal_dcmi.c:251:13:HAL_DCMI_MspDeInit	0	static
../HAL_Driver/Src/stm32f4xx_hal_dcmi.c:213:19:HAL_DCMI_DeInit	8	static
../HAL_Driver/Src/stm32f4xx_hal_dcmi.c:289:19:HAL_DCMI_Start_DMA	32	static
../HAL_Driver/Src/stm32f4xx_hal_dcmi.c:372:19:HAL_DCMI_Stop	24	static
../HAL_Driver/Src/stm32f4xx_hal_dcmi.c:424:19:HAL_DCMI_Suspend	8	static
../HAL_Driver/Src/stm32f4xx_hal_dcmi.c:470:19:HAL_DCMI_Resume	0	static
../HAL_Driver/Src/stm32f4xx_hal_dcmi.c:578:13:HAL_DCMI_ErrorCallback	0	static
../HAL_Driver/Src/stm32f4xx_hal_dcmi.c:854:13:DCMI_DMAError	8	static
../HAL_Driver/Src/stm32f4xx_hal_dcmi.c:593:13:HAL_DCMI_LineEventCallback	0	static
../HAL_Driver/Src/stm32f4xx_hal_dcmi.c:608:13:HAL_DCMI_VsyncEventCallback	0	static
../HAL_Driver/Src/stm32f4xx_hal_dcmi.c:623:13:HAL_DCMI_FrameEventCallback	0	static
../HAL_Driver/Src/stm32f4xx_hal_dcmi.c:496:6:HAL_DCMI_IRQHandler	16	static
../HAL_Driver/Src/stm32f4xx_hal_dcmi.c:661:19:HAL_DCMI_ConfigCrop	4	static,ignoring_inline_asm
../HAL_Driver/Src/stm32f4xx_hal_dcmi.c:694:19:HAL_DCMI_DisableCrop	0	static
../HAL_Driver/Src/stm32f4xx_hal_dcmi.c:720:19:HAL_DCMI_EnableCrop	0	static
../HAL_Driver/Src/stm32f4xx_hal_dcmi.c:766:23:HAL_DCMI_GetState	0	static
../HAL_Driver/Src/stm32f4xx_hal_dcmi.c:777:10:HAL_DCMI_GetError	0	static
