../HAL_Driver/Src/stm32f4xx_hal_ltdc.c:269:13:HAL_LTDC_MspInit	0	static
../HAL_Driver/Src/stm32f4xx_hal_ltdc.c:157:19:HAL_LTDC_Init	16	static
../HAL_Driver/Src/stm32f4xx_hal_ltdc.c:285:13:HAL_LTDC_MspDeInit	0	static
../HAL_Driver/Src/stm32f4xx_hal_ltdc.c:246:19:HAL_LTDC_DeInit	8	static
../HAL_Driver/Src/stm32f4xx_hal_ltdc.c:412:13:HAL_LTDC_ErrorCallback	0	static
../HAL_Driver/Src/stm32f4xx_hal_ltdc.c:428:13:HAL_LTDC_LineEventCallback	0	static
../HAL_Driver/Src/stm32f4xx_hal_ltdc.c:444:13:HAL_LTDC_ReloadEventCallback	0	static
../HAL_Driver/Src/stm32f4xx_hal_ltdc.c:318:6:HAL_LTDC_IRQHandler	16	static
../HAL_Driver/Src/stm32f4xx_hal_ltdc.c:494:19:HAL_LTDC_ConfigLayer	48	static
../HAL_Driver/Src/stm32f4xx_hal_ltdc.c:544:19:HAL_LTDC_ConfigColorKeying	8	static
../HAL_Driver/Src/stm32f4xx_hal_ltdc.c:582:19:HAL_LTDC_ConfigCLUT	12	static
../HAL_Driver/Src/stm32f4xx_hal_ltdc.c:632:19:HAL_LTDC_EnableColorKeying	4	static
../HAL_Driver/Src/stm32f4xx_hal_ltdc.c:667:19:HAL_LTDC_DisableColorKeying	4	static
../HAL_Driver/Src/stm32f4xx_hal_ltdc.c:702:19:HAL_LTDC_EnableCLUT	4	static
../HAL_Driver/Src/stm32f4xx_hal_ltdc.c:737:19:HAL_LTDC_DisableCLUT	4	static
../HAL_Driver/Src/stm32f4xx_hal_ltdc.c:770:19:HAL_LTDC_EnableDither	0	static
../HAL_Driver/Src/stm32f4xx_hal_ltdc.c:797:19:HAL_LTDC_DisableDither	0	static
../HAL_Driver/Src/stm32f4xx_hal_ltdc.c:828:19:HAL_LTDC_SetWindowSize	28	static
../HAL_Driver/Src/stm32f4xx_hal_ltdc.c:884:19:HAL_LTDC_SetWindowPosition	28	static
../HAL_Driver/Src/stm32f4xx_hal_ltdc.c:935:19:HAL_LTDC_SetPixelFormat	36	static
../HAL_Driver/Src/stm32f4xx_hal_ltdc.c:980:19:HAL_LTDC_SetAlpha	36	static
../HAL_Driver/Src/stm32f4xx_hal_ltdc.c:1024:19:HAL_LTDC_SetAddress	36	static
../HAL_Driver/Src/stm32f4xx_hal_ltdc.c:1071:19:HAL_LTDC_SetPitch	4	static
../HAL_Driver/Src/stm32f4xx_hal_ltdc.c:1140:19:HAL_LTDC_ProgramLineEvent	4	static
../HAL_Driver/Src/stm32f4xx_hal_ltdc.c:1179:20:HAL_LTDC_Reload	4	static
../HAL_Driver/Src/stm32f4xx_hal_ltdc.c:1218:19:HAL_LTDC_ConfigLayer_NoReload	48	static
../HAL_Driver/Src/stm32f4xx_hal_ltdc.c:1269:19:HAL_LTDC_SetWindowSize_NoReload	28	static
../HAL_Driver/Src/stm32f4xx_hal_ltdc.c:1325:19:HAL_LTDC_SetWindowPosition_NoReload	28	static
../HAL_Driver/Src/stm32f4xx_hal_ltdc.c:1376:19:HAL_LTDC_SetPixelFormat_NoReload	36	static
../HAL_Driver/Src/stm32f4xx_hal_ltdc.c:1421:19:HAL_LTDC_SetAlpha_NoReload	36	static
../HAL_Driver/Src/stm32f4xx_hal_ltdc.c:1466:19:HAL_LTDC_SetAddress_NoReload	36	static
../HAL_Driver/Src/stm32f4xx_hal_ltdc.c:1513:19:HAL_LTDC_SetPitch_NoReload	8	static
../HAL_Driver/Src/stm32f4xx_hal_ltdc.c:1582:19:HAL_LTDC_ConfigColorKeying_NoReload	4	static
../HAL_Driver/Src/stm32f4xx_hal_ltdc.c:1618:19:HAL_LTDC_EnableColorKeying_NoReload	4	static
../HAL_Driver/Src/stm32f4xx_hal_ltdc.c:1653:19:HAL_LTDC_DisableColorKeying_NoReload	4	static
../HAL_Driver/Src/stm32f4xx_hal_ltdc.c:1688:19:HAL_LTDC_EnableCLUT_NoReload	4	static
../HAL_Driver/Src/stm32f4xx_hal_ltdc.c:1723:19:HAL_LTDC_DisableCLUT_NoReload	4	static
../HAL_Driver/Src/stm32f4xx_hal_ltdc.c:1774:23:HAL_LTDC_GetState	0	static
../HAL_Driver/Src/stm32f4xx_hal_ltdc.c:1785:10:HAL_LTDC_GetError	0	static
