../lvgl/src/extra/widgets/span/lv_span.c:494:13:lv_spangroup_destructor	16	static
../lvgl/src/extra/widgets/span/lv_span.c:483:13:lv_spangroup_constructor	8	static
../lvgl/src/extra/widgets/span/lv_span.c:91:12:lv_spangroup_create	8	static
../lvgl/src/extra/widgets/span/lv_span.c:103:13:lv_spangroup_new_span	16	static
../lvgl/src/extra/widgets/span/lv_span.c:157:6:lv_span_set_text	16	static
../lvgl/src/extra/widgets/span/lv_span.c:179:6:lv_span_set_text_static	16	static
../lvgl/src/extra/widgets/span/lv_span.c:197:6:lv_spangroup_set_align	0	static
../lvgl/src/extra/widgets/span/lv_span.c:211:6:lv_spangroup_set_overflow	0	static
../lvgl/src/extra/widgets/span/lv_span.c:225:6:lv_spangroup_set_indent	0	static
../lvgl/src/extra/widgets/span/lv_span.c:257:17:lv_spangroup_get_align	0	static
../lvgl/src/extra/widgets/span/lv_span.c:268:20:lv_spangroup_get_overflow	0	static
../lvgl/src/extra/widgets/span/lv_span.c:279:12:lv_spangroup_get_indent	0	static
../lvgl/src/extra/widgets/span/lv_span.c:290:16:lv_spangroup_get_mode	0	static
../lvgl/src/extra/widgets/span/lv_span.c:328:12:lv_spangroup_get_max_line_h	32	static
../lvgl/src/extra/widgets/span/lv_span.c:349:12:lv_spangroup_get_expand_width	56	static
../lvgl/src/extra/widgets/span/lv_span.c:384:12:lv_spangroup_get_expand_height	104	static
../lvgl/src/extra/widgets/span/lv_span.c:300:6:lv_spangroup_refr_mode	32	static
../lvgl/src/extra/widgets/span/lv_span.c:509:13:lv_spangroup_event	208	static
../lvgl/src/extra/widgets/span/lv_span.c:126:6:lv_spangroup_del_span	24	static
../lvgl/src/extra/widgets/span/lv_span.c:239:6:lv_spangroup_set_mode	0	static
