../HAL_Driver/Src/stm32f4xx_hal_sdram.c:278:13:HAL_SDRAM_DMA_XferErrorCallback	0	static
../HAL_Driver/Src/stm32f4xx_hal_sdram.c:264:13:HAL_SDRAM_DMA_XferCpltCallback	0	static
../HAL_Driver/Src/stm32f4xx_hal_sdram.c:200:13:HAL_SDRAM_MspInit	0	static
../HAL_Driver/Src/stm32f4xx_hal_sdram.c:140:19:HAL_SDRAM_Init	16	static
../HAL_Driver/Src/stm32f4xx_hal_sdram.c:215:13:HAL_SDRAM_MspDeInit	0	static
../HAL_Driver/Src/stm32f4xx_hal_sdram.c:177:19:HAL_SDRAM_DeInit	8	static
../HAL_Driver/Src/stm32f4xx_hal_sdram.c:249:13:HAL_SDRAM_RefreshErrorCallback	0	static
../HAL_Driver/Src/stm32f4xx_hal_sdram.c:230:6:HAL_SDRAM_IRQHandler	8	static
../HAL_Driver/Src/stm32f4xx_hal_sdram.c:313:19:HAL_SDRAM_Read_8b	4	static
../HAL_Driver/Src/stm32f4xx_hal_sdram.c:353:19:HAL_SDRAM_Write_8b	8	static
../HAL_Driver/Src/stm32f4xx_hal_sdram.c:396:19:HAL_SDRAM_Read_16b	4	static
../HAL_Driver/Src/stm32f4xx_hal_sdram.c:436:19:HAL_SDRAM_Write_16b	8	static
../HAL_Driver/Src/stm32f4xx_hal_sdram.c:479:19:HAL_SDRAM_Read_32b	4	static
../HAL_Driver/Src/stm32f4xx_hal_sdram.c:519:19:HAL_SDRAM_Write_32b	8	static
../HAL_Driver/Src/stm32f4xx_hal_sdram.c:562:19:HAL_SDRAM_Read_DMA	16	static
../HAL_Driver/Src/stm32f4xx_hal_sdram.c:603:19:HAL_SDRAM_Write_DMA	16	static
../HAL_Driver/Src/stm32f4xx_hal_sdram.c:659:19:HAL_SDRAM_WriteProtection_Enable	8	static
../HAL_Driver/Src/stm32f4xx_hal_sdram.c:685:19:HAL_SDRAM_WriteProtection_Disable	8	static
../HAL_Driver/Src/stm32f4xx_hal_sdram.c:713:19:HAL_SDRAM_SendCommand	16	static
../HAL_Driver/Src/stm32f4xx_hal_sdram.c:747:19:HAL_SDRAM_ProgramRefreshRate	8	static
../HAL_Driver/Src/stm32f4xx_hal_sdram.c:774:19:HAL_SDRAM_SetAutoRefreshNumber	8	static
../HAL_Driver/Src/stm32f4xx_hal_sdram.c:800:10:HAL_SDRAM_GetModeStatus	0	static
../HAL_Driver/Src/stm32f4xx_hal_sdram.c:831:24:HAL_SDRAM_GetState	0	static
