../HAL_Driver/Src/stm32f4xx_hal_smartcard.c:1441:13:SMARTCARD_DMATransmitCplt	0	static
../HAL_Driver/Src/stm32f4xx_hal_smartcard.c:346:14:HAL_SMARTCARD_MspInit	0	static
../HAL_Driver/Src/stm32f4xx_hal_smartcard.c:245:19:HAL_SMARTCARD_Init	32	static
../HAL_Driver/Src/stm32f4xx_hal_smartcard.c:361:14:HAL_SMARTCARD_MspDeInit	0	static
../HAL_Driver/Src/stm32f4xx_hal_smartcard.c:311:19:HAL_SMARTCARD_DeInit	8	static
../HAL_Driver/Src/stm32f4xx_hal_smartcard.c:435:19:HAL_SMARTCARD_Transmit	24	static
../HAL_Driver/Src/stm32f4xx_hal_smartcard.c:498:19:HAL_SMARTCARD_Receive	24	static
../HAL_Driver/Src/stm32f4xx_hal_smartcard.c:557:19:HAL_SMARTCARD_Transmit_IT	4	static
../HAL_Driver/Src/stm32f4xx_hal_smartcard.c:605:19:HAL_SMARTCARD_Receive_IT	4	static
../HAL_Driver/Src/stm32f4xx_hal_smartcard.c:650:19:HAL_SMARTCARD_Transmit_DMA	24	static
../HAL_Driver/Src/stm32f4xx_hal_smartcard.c:712:19:HAL_SMARTCARD_Receive_DMA	32	static
../HAL_Driver/Src/stm32f4xx_hal_smartcard.c:782:19:HAL_SMARTCARD_Abort	8	static
../HAL_Driver/Src/stm32f4xx_hal_smartcard.c:846:19:HAL_SMARTCARD_AbortTransmit	8	static
../HAL_Driver/Src/stm32f4xx_hal_smartcard.c:888:19:HAL_SMARTCARD_AbortReceive	8	static
../HAL_Driver/Src/stm32f4xx_hal_smartcard.c:1302:14:HAL_SMARTCARD_TxCpltCallback	0	static
../HAL_Driver/Src/stm32f4xx_hal_smartcard.c:1317:13:HAL_SMARTCARD_RxCpltCallback	0	static
../HAL_Driver/Src/stm32f4xx_hal_smartcard.c:1461:13:SMARTCARD_DMAReceiveCplt	8	static
../HAL_Driver/Src/stm32f4xx_hal_smartcard.c:1332:14:HAL_SMARTCARD_ErrorCallback	0	static
../HAL_Driver/Src/stm32f4xx_hal_smartcard.c:1487:13:SMARTCARD_DMAError	8	static
../HAL_Driver/Src/stm32f4xx_hal_smartcard.c:1177:6:HAL_SMARTCARD_IRQHandler	16	static
../HAL_Driver/Src/stm32f4xx_hal_smartcard.c:1682:13:SMARTCARD_DMAAbortOnError	8	static
../HAL_Driver/Src/stm32f4xx_hal_smartcard.c:1346:13:HAL_SMARTCARD_AbortCpltCallback	0	static
../HAL_Driver/Src/stm32f4xx_hal_smartcard.c:933:19:HAL_SMARTCARD_Abort_IT	8	static
../HAL_Driver/Src/stm32f4xx_hal_smartcard.c:1737:13:SMARTCARD_DMARxAbortCallback	8	static
../HAL_Driver/Src/stm32f4xx_hal_smartcard.c:1699:13:SMARTCARD_DMATxAbortCallback	8	static
../HAL_Driver/Src/stm32f4xx_hal_smartcard.c:1361:13:HAL_SMARTCARD_AbortTransmitCpltCallback	0	static
../HAL_Driver/Src/stm32f4xx_hal_smartcard.c:1054:19:HAL_SMARTCARD_AbortTransmit_IT	8	static
../HAL_Driver/Src/stm32f4xx_hal_smartcard.c:1775:13:SMARTCARD_DMATxOnlyAbortCallback	8	static
../HAL_Driver/Src/stm32f4xx_hal_smartcard.c:1376:13:HAL_SMARTCARD_AbortReceiveCpltCallback	0	static
../HAL_Driver/Src/stm32f4xx_hal_smartcard.c:1119:19:HAL_SMARTCARD_AbortReceive_IT	8	static
../HAL_Driver/Src/stm32f4xx_hal_smartcard.c:1796:13:SMARTCARD_DMARxOnlyAbortCallback	8	static
../HAL_Driver/Src/stm32f4xx_hal_smartcard.c:1411:28:HAL_SMARTCARD_GetState	0	static
../HAL_Driver/Src/stm32f4xx_hal_smartcard.c:1426:10:HAL_SMARTCARD_GetError	0	static
