../HAL_Driver/Src/stm32f4xx_ll_utils.c:495:20:UTILS_SetFlashLatency.part.0	0	static
../HAL_Driver/Src/stm32f4xx_ll_utils.c:688:20:UTILS_EnablePLLAndSwitchSystem	24	static
../HAL_Driver/Src/stm32f4xx_ll_utils.c:277:6:LL_Init1msTick	0	static
../HAL_Driver/Src/stm32f4xx_ll_utils.c:293:6:LL_mDelay	8	static
../HAL_Driver/Src/stm32f4xx_ll_utils.c:343:6:LL_SetSystemCoreClock	0	static
../HAL_Driver/Src/stm32f4xx_ll_utils.c:365:13:LL_PLL_ConfigSystemClock_HSI	20	static
../HAL_Driver/Src/stm32f4xx_ll_utils.c:422:13:LL_PLL_ConfigSystemClock_HSE	24	static
