../HAL_Driver/Src/stm32f4xx_hal_i2s_ex.c:970:13:I2SEx_TxRxDMAError	4	static
../HAL_Driver/Src/stm32f4xx_hal_i2s_ex.c:216:19:HAL_I2SEx_TransmitReceive	72	static
../HAL_Driver/Src/stm32f4xx_hal_i2s_ex.c:626:19:HAL_I2SEx_TransmitReceive_DMA	32	static
../HAL_Driver/Src/stm32f4xx_hal_i2s_ex.c:882:13:HAL_I2SEx_TxRxCpltCallback	0	static
../HAL_Driver/Src/stm32f4xx_hal_i2s_ex.c:470:19:HAL_I2SEx_TransmitReceive_IT	8	static
../HAL_Driver/Src/stm32f4xx_hal_i2s_ex.c:910:13:I2SEx_TxRxDMACplt	16	static
../HAL_Driver/Src/stm32f4xx_hal_i2s_ex.c:757:6:HAL_I2SEx_FullDuplex_IRQHandler	32	static
