../HAL_Driver/Src/stm32f4xx_ll_usb.c:1545:19:USB_HC_StartXfer	48	static
../HAL_Driver/Src/stm32f4xx_ll_usb.c:1656:10:USB_HC_ReadInterrupt	16	static
../HAL_Driver/Src/stm32f4xx_ll_usb.c:1668:19:USB_HC_Halt	24	static
../HAL_Driver/Src/stm32f4xx_ll_usb.c:1729:19:USB_DoPing	24	static
../HAL_Driver/Src/stm32f4xx_ll_usb.c:1751:19:USB_StopHost	32	static
../HAL_Driver/Src/stm32f4xx_ll_usb.c:105:19:USB_CoreInit	0	static
../HAL_Driver/Src/stm32f4xx_ll_usb.c:151:19:USB_EnableGlobalInt	0	static
../HAL_Driver/Src/stm32f4xx_ll_usb.c:164:19:USB_DisableGlobalInt	0	static
../HAL_Driver/Src/stm32f4xx_ll_usb.c:180:19:USB_SetCurrentMode	8	static
../HAL_Driver/Src/stm32f4xx_ll_usb.c:205:19:USB_DevInit	24	static
../HAL_Driver/Src/stm32f4xx_ll_usb.c:351:19:USB_FlushTxFifo	0	static
../HAL_Driver/Src/stm32f4xx_ll_usb.c:375:19:USB_FlushRxFifo	0	static
../HAL_Driver/Src/stm32f4xx_ll_usb.c:405:19:USB_SetDevSpeed	0	static
../HAL_Driver/Src/stm32f4xx_ll_usb.c:420:9:USB_GetDevSpeed	0	static
../HAL_Driver/Src/stm32f4xx_ll_usb.c:447:19:USB_ActivateEndpoint	8	static
../HAL_Driver/Src/stm32f4xx_ll_usb.c:477:19:USB_ActivateDedicatedEndpoint	12	static
../HAL_Driver/Src/stm32f4xx_ll_usb.c:520:19:USB_DeactivateEndpoint	8	static
../HAL_Driver/Src/stm32f4xx_ll_usb.c:591:19:USB_DeactivateDedicatedEndpoint	0	static
../HAL_Driver/Src/stm32f4xx_ll_usb.c:667:19:USB_EPStartXfer	24	static
../HAL_Driver/Src/stm32f4xx_ll_usb.c:789:19:USB_EP0StartXfer	12	static
../HAL_Driver/Src/stm32f4xx_ll_usb.c:879:19:USB_WritePacket	4	static
../HAL_Driver/Src/stm32f4xx_ll_usb.c:907:7:USB_ReadPacket	0	static
../HAL_Driver/Src/stm32f4xx_ll_usb.c:926:19:USB_EPSetStall	0	static
../HAL_Driver/Src/stm32f4xx_ll_usb.c:954:19:USB_EPClearStall	0	static
../HAL_Driver/Src/stm32f4xx_ll_usb.c:980:19:USB_StopDevice	8	static
../HAL_Driver/Src/stm32f4xx_ll_usb.c:1011:20:USB_SetDevAddress	0	static
../HAL_Driver/Src/stm32f4xx_ll_usb.c:1024:20:USB_DevConnect	8	static
../HAL_Driver/Src/stm32f4xx_ll_usb.c:1037:20:USB_DevDisconnect	8	static
../HAL_Driver/Src/stm32f4xx_ll_usb.c:1050:11:USB_ReadInterrupts	0	static
../HAL_Driver/Src/stm32f4xx_ll_usb.c:1064:10:USB_ReadDevAllOutEpInterrupt	0	static
../HAL_Driver/Src/stm32f4xx_ll_usb.c:1077:10:USB_ReadDevAllInEpInterrupt	0	static
../HAL_Driver/Src/stm32f4xx_ll_usb.c:1092:10:USB_ReadDevOutEPInterrupt	0	static
../HAL_Driver/Src/stm32f4xx_ll_usb.c:1107:10:USB_ReadDevInEPInterrupt	0	static
../HAL_Driver/Src/stm32f4xx_ll_usb.c:1124:7:USB_ClearInterrupts	0	static
../HAL_Driver/Src/stm32f4xx_ll_usb.c:1137:10:USB_GetMode	0	static
../HAL_Driver/Src/stm32f4xx_ll_usb.c:1148:20:USB_ActivateSetup	0	static
../HAL_Driver/Src/stm32f4xx_ll_usb.c:1173:19:USB_EP0_OutStart	4	static
../HAL_Driver/Src/stm32f4xx_ll_usb.c:1235:19:USB_HostInit	24	static
../HAL_Driver/Src/stm32f4xx_ll_usb.c:1324:19:USB_InitFSLSPClkSel	0	static
../HAL_Driver/Src/stm32f4xx_ll_usb.c:1347:19:USB_ResetPort	16	static
../HAL_Driver/Src/stm32f4xx_ll_usb.c:1370:19:USB_DriveVbus	8	static
../HAL_Driver/Src/stm32f4xx_ll_usb.c:1398:10:USB_GetHostSpeed	8	static
../HAL_Driver/Src/stm32f4xx_ll_usb.c:1411:10:USB_GetCurrentFrame	0	static
../HAL_Driver/Src/stm32f4xx_ll_usb.c:1440:19:USB_HC_Init	20	static
