../HAL_Driver/Src/stm32f4xx_hal.c:235:13:HAL_MspInit	0	static
../HAL_Driver/Src/stm32f4xx_hal.c:246:13:HAL_MspDeInit	0	static
../HAL_Driver/Src/stm32f4xx_hal.c:206:19:HAL_DeInit	8	static
../HAL_Driver/Src/stm32f4xx_hal.c:269:26:HAL_InitTick	16	static
../HAL_Driver/Src/stm32f4xx_hal.c:173:19:HAL_Init	8	static
../HAL_Driver/Src/stm32f4xx_hal.c:317:13:HAL_IncTick	0	static
../HAL_Driver/Src/stm32f4xx_hal.c:328:17:HAL_GetTick	0	static
../HAL_Driver/Src/stm32f4xx_hal.c:345:13:HAL_Delay	24	static
../HAL_Driver/Src/stm32f4xx_hal.c:371:13:HAL_SuspendTick	0	static
../HAL_Driver/Src/stm32f4xx_hal.c:387:13:HAL_ResumeTick	0	static
../HAL_Driver/Src/stm32f4xx_hal.c:397:10:HAL_GetHalVersion	0	static
../HAL_Driver/Src/stm32f4xx_hal.c:406:10:HAL_GetREVID	0	static
../HAL_Driver/Src/stm32f4xx_hal.c:415:10:HAL_GetDEVID	0	static
../HAL_Driver/Src/stm32f4xx_hal.c:424:6:HAL_DBGMCU_EnableDBGSleepMode	0	static
../HAL_Driver/Src/stm32f4xx_hal.c:433:6:HAL_DBGMCU_DisableDBGSleepMode	0	static
../HAL_Driver/Src/stm32f4xx_hal.c:442:6:HAL_DBGMCU_EnableDBGStopMode	0	static
../HAL_Driver/Src/stm32f4xx_hal.c:451:6:HAL_DBGMCU_DisableDBGStopMode	0	static
../HAL_Driver/Src/stm32f4xx_hal.c:460:6:HAL_DBGMCU_EnableDBGStandbyMode	0	static
../HAL_Driver/Src/stm32f4xx_hal.c:469:6:HAL_DBGMCU_DisableDBGStandbyMode	0	static
../HAL_Driver/Src/stm32f4xx_hal.c:480:6:HAL_EnableCompensationCell	0	static,ignoring_inline_asm
../HAL_Driver/Src/stm32f4xx_hal.c:491:6:HAL_DisableCompensationCell	0	static,ignoring_inline_asm
../HAL_Driver/Src/stm32f4xx_hal.c:501:6:HAL_GetUID	0	static
../HAL_Driver/Src/stm32f4xx_hal.c:520:6:HAL_EnableMemorySwappingBank	0	static,ignoring_inline_asm
../HAL_Driver/Src/stm32f4xx_hal.c:535:6:HAL_DisableMemorySwappingBank	0	static,ignoring_inline_asm
