../HAL_Driver/Src/stm32f4xx_hal_flash_ex.c:251:19:HAL_FLASHEx_Erase_IT	8	static,ignoring_inline_asm
../HAL_Driver/Src/stm32f4xx_hal_flash_ex.c:304:19:HAL_FLASHEx_OBProgram	24	static
../HAL_Driver/Src/stm32f4xx_hal_flash_ex.c:363:6:HAL_FLASHEx_OBGetConfig	0	static
../HAL_Driver/Src/stm32f4xx_hal_flash_ex.c:392:19:HAL_FLASHEx_AdvOBProgram	24	static
../HAL_Driver/Src/stm32f4xx_hal_flash_ex.c:448:6:HAL_FLASHEx_AdvOBGetConfig	0	static
../HAL_Driver/Src/stm32f4xx_hal_flash_ex.c:480:19:HAL_FLASHEx_OB_SelectPCROP	0	static
../HAL_Driver/Src/stm32f4xx_hal_flash_ex.c:505:19:HAL_FLASHEx_OB_DeSelectPCROP	0	static
../HAL_Driver/Src/stm32f4xx_hal_flash_ex.c:527:10:HAL_FLASHEx_OB_GetBank2WRP	0	static
../HAL_Driver/Src/stm32f4xx_hal_flash_ex.c:604:6:FLASH_Erase_Sector	4	static,ignoring_inline_asm
../HAL_Driver/Src/stm32f4xx_hal_flash_ex.c:1329:6:FLASH_FlushCaches	0	static
../HAL_Driver/Src/stm32f4xx_hal_flash_ex.c:180:19:HAL_FLASHEx_Erase	32	static,ignoring_inline_asm
