../HAL_Driver/Src/stm32f4xx_hal_dma2d.c:352:13:HAL_DMA2D_MspInit	0	static
../HAL_Driver/Src/stm32f4xx_hal_dma2d.c:225:19:HAL_DMA2D_Init	8	static
../HAL_Driver/Src/stm32f4xx_hal_dma2d.c:368:13:HAL_DMA2D_MspDeInit	0	static
../HAL_Driver/Src/stm32f4xx_hal_dma2d.c:276:19:HAL_DMA2D_DeInit	16	static
../HAL_Driver/Src/stm32f4xx_hal_dma2d.c:429:19:HAL_DMA2D_Start	12	static,ignoring_inline_asm
../HAL_Driver/Src/stm32f4xx_hal_dma2d.c:463:19:HAL_DMA2D_Start_IT	12	static,ignoring_inline_asm
../HAL_Driver/Src/stm32f4xx_hal_dma2d.c:498:19:HAL_DMA2D_BlendingStart	8	static,ignoring_inline_asm
../HAL_Driver/Src/stm32f4xx_hal_dma2d.c:533:19:HAL_DMA2D_BlendingStart_IT	8	static,ignoring_inline_asm
../HAL_Driver/Src/stm32f4xx_hal_dma2d.c:566:19:HAL_DMA2D_Abort	16	static
../HAL_Driver/Src/stm32f4xx_hal_dma2d.c:615:19:HAL_DMA2D_Suspend	16	static
../HAL_Driver/Src/stm32f4xx_hal_dma2d.c:665:19:HAL_DMA2D_Resume	0	static
../HAL_Driver/Src/stm32f4xx_hal_dma2d.c:692:19:HAL_DMA2D_EnableCLUT	0	static
../HAL_Driver/Src/stm32f4xx_hal_dma2d.c:729:19:HAL_DMA2D_CLUTLoad	24	static,ignoring_inline_asm
../HAL_Driver/Src/stm32f4xx_hal_dma2d.c:783:19:HAL_DMA2D_CLUTLoad_IT	24	static,ignoring_inline_asm
../HAL_Driver/Src/stm32f4xx_hal_dma2d.c:841:19:HAL_DMA2D_CLUTLoading_Abort	16	static
../HAL_Driver/Src/stm32f4xx_hal_dma2d.c:897:19:HAL_DMA2D_CLUTLoading_Suspend	16	static
../HAL_Driver/Src/stm32f4xx_hal_dma2d.c:954:19:HAL_DMA2D_CLUTLoading_Resume	0	static
../HAL_Driver/Src/stm32f4xx_hal_dma2d.c:991:19:HAL_DMA2D_PollForTransfer	24	static
../HAL_Driver/Src/stm32f4xx_hal_dma2d.c:1277:13:HAL_DMA2D_LineEventCallback	0	static
../HAL_Driver/Src/stm32f4xx_hal_dma2d.c:1293:13:HAL_DMA2D_CLUTLoadingCpltCallback	0	static
../HAL_Driver/Src/stm32f4xx_hal_dma2d.c:1117:6:HAL_DMA2D_IRQHandler	16	static
../HAL_Driver/Src/stm32f4xx_hal_dma2d.c:1335:19:HAL_DMA2D_ConfigLayer	16	static,ignoring_inline_asm
../HAL_Driver/Src/stm32f4xx_hal_dma2d.c:1420:19:HAL_DMA2D_ConfigCLUT	32	static,ignoring_inline_asm
../HAL_Driver/Src/stm32f4xx_hal_dma2d.c:1473:19:HAL_DMA2D_ProgramLineEvent	0	static
../HAL_Driver/Src/stm32f4xx_hal_dma2d.c:1511:19:HAL_DMA2D_EnableDeadTime	0	static
../HAL_Driver/Src/stm32f4xx_hal_dma2d.c:1534:19:HAL_DMA2D_DisableDeadTime	0	static
../HAL_Driver/Src/stm32f4xx_hal_dma2d.c:1560:19:HAL_DMA2D_ConfigDeadTime	4	static,ignoring_inline_asm
../HAL_Driver/Src/stm32f4xx_hal_dma2d.c:1604:24:HAL_DMA2D_GetState	0	static
../HAL_Driver/Src/stm32f4xx_hal_dma2d.c:1615:10:HAL_DMA2D_GetError	0	static
